<testsuite name="Django Project Tests" errors="0" failures="0" skips="0" tests="1" time="0.001"><testcase time="0.000181" classname="MyApp.tests.IndexViewTestCase" name="test_index_view_loads" /></testsuite>